// Jest Snapshot v1, https://goo.gl/fbAQLP

exports[`Login Page should login success 1`] = `
<DocumentFragment>
  <div
    class="ant-pro"
  >
    <div
      class="ant-design-pro ant-pro-layout screen-md ant-pro-layout-fix-siderbar ant-pro-layout-mix"
    >
      <div
        class="ant-pro-layout-bg-list "
      />
      <section
        class="ant-layout ant-layout-has-sider"
        style="min-height: 100vh; flex-direction: row;"
      >
        <div
          style="width: 256px; overflow: hidden; flex: 0 0 256px; max-width: 256px; min-width: 256px; transition: all 0.2s ease 0s;"
        />
        <aside
          class="ant-layout-sider ant-layout-sider-light ant-pro-sider ant-pro-sider-fixed ant-pro-sider-layout-mix ant-pro-sider-light ant-pro-sider-mix"
          style="flex: 0 0 256px; max-width: 256px; min-width: 256px; width: 256px;"
        >
          <div
            class="ant-layout-sider-children"
          >
            <div
              style="flex: 1; overflow-y: auto; overflow-x: hidden;"
            >
              <ul
                class="ant-menu ant-menu-root ant-menu-inline ant-menu-light ant-pro-sider-menu  ant-pro-base-menu"
                data-menu-list="true"
                dir="ltr"
                role="menu"
                style="background-color: transparent; width: 100%;"
                tabindex="0"
              >
                <li
                  class="ant-menu-item ant-menu-item-selected ant-menu-item-only-child ant-pro-base-menu-menu-item"
                  data-menu-id="rc-menu-uuid-test-/welcome"
                  role="menuitem"
                  style="padding-left: 16px;"
                  tabindex="-1"
                  title="Welcome"
                >
                  <span
                    class="ant-menu-title-content"
                  >
                    <div
                      class="ant-pro-base-menu-item-title"
                    >
                      <span
                        class="anticon ant-pro-base-menu-item-icon "
                      >
                        <span
                          aria-label="smile"
                          class="anticon anticon-smile"
                          role="img"
                        >
                          <svg
                            aria-hidden="true"
                            data-icon="smile"
                            fill="currentColor"
                            focusable="false"
                            height="1em"
                            viewBox="64 64 896 896"
                            width="1em"
                          >
                            <path
                              d="M288 421a48 48 0 1096 0 48 48 0 10-96 0zm352 0a48 48 0 1096 0 48 48 0 10-96 0zM512 64C264.6 64 64 264.6 64 512s200.6 448 448 448 448-200.6 448-448S759.4 64 512 64zm263 711c-34.2 34.2-74 61-118.3 79.8C611 874.2 562.3 884 512 884c-50.3 0-99-9.8-144.8-29.2A370.4 370.4 0 01248.9 775c-34.2-34.2-61-74-79.8-118.3C149.8 611 140 562.3 140 512s9.8-99 29.2-144.8A370.4 370.4 0 01249 248.9c34.2-34.2 74-61 118.3-79.8C413 149.8 461.7 140 512 140c50.3 0 99 9.8 144.8 29.2A370.4 370.4 0 01775.1 249c34.2 34.2 61 74 79.8 118.3C874.2 413 884 461.7 884 512s-9.8 99-29.2 144.8A368.89 368.89 0 01775 775zM664 533h-48.1c-4.2 0-7.8 3.2-8.1 7.4C604 589.9 562.5 629 512 629s-92.1-39.1-95.8-88.6c-.3-4.2-3.9-7.4-8.1-7.4H360a8 8 0 00-8 8.4c4.4 84.3 74.5 151.6 160 151.6s155.6-67.3 160-151.6a8 8 0 00-8-8.4z"
                            />
                          </svg>
                        </span>
                      </span>
                      <span
                        class="ant-pro-base-menu-item-text ant-pro-base-menu-item-text-has-icon"
                      >
                        Welcome
                      </span>
                    </div>
                  </span>
                </li>
                <li
                  class="ant-menu-item ant-menu-item-only-child ant-pro-base-menu-menu-item"
                  data-menu-id="rc-menu-uuid-test-/list"
                  role="menuitem"
                  style="padding-left: 16px;"
                  tabindex="-1"
                  title="Search Table"
                >
                  <span
                    class="ant-menu-title-content"
                  >
                    <a
                      href="/list"
                    >
                      <div
                        class="ant-pro-base-menu-item-title"
                      >
                        <span
                          class="anticon ant-pro-base-menu-item-icon "
                        >
                          <span
                            aria-label="table"
                            class="anticon anticon-table"
                            role="img"
                          >
                            <svg
                              aria-hidden="true"
                              data-icon="table"
                              fill="currentColor"
                              focusable="false"
                              height="1em"
                              viewBox="64 64 896 896"
                              width="1em"
                            >
                              <path
                                d="M928 160H96c-17.7 0-32 14.3-32 32v640c0 17.7 14.3 32 32 32h832c17.7 0 32-14.3 32-32V192c0-17.7-14.3-32-32-32zm-40 208H676V232h212v136zm0 224H676V432h212v160zM412 432h200v160H412V432zm200-64H412V232h200v136zm-476 64h212v160H136V432zm0-200h212v136H136V232zm0 424h212v136H136V656zm276 0h200v136H412V656zm476 136H676V656h212v136z"
                              />
                            </svg>
                          </span>
                        </span>
                        <span
                          class="ant-pro-base-menu-item-text ant-pro-base-menu-item-text-has-icon"
                        >
                          Search Table
                        </span>
                      </div>
                    </a>
                  </span>
                </li>
              </ul>
              <div
                aria-hidden="true"
                style="display: none;"
              />
            </div>
            <div
              class="ant-pro-sider-links "
            >
              <ul
                class="ant-menu ant-menu-root ant-menu-inline ant-menu-light ant-pro-sider-link-menu "
                data-menu-list="true"
                dir="ltr"
                role="menu"
                tabindex="0"
              />
              <div
                aria-hidden="true"
                style="display: none;"
              />
            </div>
            <div
              class="ant-pro-sider-collapsed-button"
            >
              <svg
                aria-hidden="true"
                fill="currentColor"
                height="1em"
                viewBox="0 0 12 12"
                width="1em"
              >
                <path
                  d="M6.432 7.967a.448.448 0 01-.318.133h-.228a.46.46 0 01-.318-.133L2.488 4.85a.305.305 0 010-.43l.427-.43a.293.293 0 01.42 0L6 6.687l2.665-2.699a.299.299 0 01.426 0l.42.431a.305.305 0 010 .43L6.432 7.967z"
                />
              </svg>
            </div>
          </div>
        </aside>
        <div
          class="ant-pro-layout-container "
          style="position: relative;"
        >
          <header
            class="ant-layout-header"
            style="height: 56px; line-height: 56px; background-color: transparent; z-index: 19;"
          />
          <header
            class="ant-layout-header ant-pro-layout-header ant-pro-layout-header-fixed-header ant-pro-layout-header-mix ant-pro-layout-header-fixed-header-action ant-pro-layout-header-header"
          >
            <div
              class="ant-pro-global-header"
            >
              <div
                class="ant-pro-global-header-logo ant-pro-global-header-logo-mix"
              >
                <a>
                  <img
                    alt="logo"
                    height="22"
                    src="/logo-color.svg"
                    width="auto"
                  />
                  <h1>
                    WeShare
                  </h1>
                </a>
              </div>
              <div
                style="flex: 1;"
              />
              <div
                class="ant-pro-global-header-right-content "
                style="min-width: auto; height: 100%;"
              >
                <div
                  style="height: 100%;"
                >
                  <div
                    style="display: flex; align-items: center; height: 100%; justify-content: flex-end;"
                  >
                    <div
                      class="css-1doylhz"
                    >
                      <span
                        class="ant-dropdown-trigger css-19fba91"
                      >
                        <span
                          class="ant-avatar ant-avatar-sm ant-avatar-circle ant-avatar-image css-10ti6ek"
                        >
                          <img
                            alt="avatar"
                            src="https://gw.alipayobjects.com/zos/rmsportal/BiazfanxmamNRoxxVxka.png"
                          />
                        </span>
                        <span
                          class="css-15vbrjz anticon"
                        >
                          TQA
                        </span>
                      </span>
                      <span
                        class="ant-dropdown-trigger css-1h5hft5"
                        style="cursor: pointer; padding: 12px; display: inline-flex; align-items: center; justify-content: center; font-size: 18px; vertical-align: middle;"
                      >
                        <i
                          class="anticon"
                        >
                          <span
                            aria-label="global"
                            class="anticon anticon-global"
                            role="img"
                          >
                            <svg
                              aria-hidden="true"
                              data-icon="global"
                              fill="currentColor"
                              focusable="false"
                              height="1em"
                              viewBox="64 64 896 896"
                              width="1em"
                            >
                              <path
                                d="M854.4 800.9c.2-.3.5-.6.7-.9C920.6 722.1 960 621.7 960 512s-39.4-210.1-104.8-288c-.2-.3-.5-.5-.7-.8-1.1-1.3-2.1-2.5-3.2-3.7-.4-.5-.8-.9-1.2-1.4l-4.1-4.7-.1-.1c-1.5-1.7-3.1-3.4-4.6-5.1l-.1-.1c-3.2-3.4-6.4-6.8-9.7-10.1l-.1-.1-4.8-4.8-.3-.3c-1.5-1.5-3-2.9-4.5-4.3-.5-.5-1-1-1.6-1.5-1-1-2-1.9-3-2.8-.3-.3-.7-.6-1-1C736.4 109.2 629.5 64 512 64s-224.4 45.2-304.3 119.2c-.3.3-.7.6-1 1-1 .9-2 1.9-3 2.9-.5.5-1 1-1.6 1.5-1.5 1.4-3 2.9-4.5 4.3l-.3.3-4.8 4.8-.1.1c-3.3 3.3-6.5 6.7-9.7 10.1l-.1.1c-1.6 1.7-3.1 3.4-4.6 5.1l-.1.1c-1.4 1.5-2.8 3.1-4.1 4.7-.4.5-.8.9-1.2 1.4-1.1 1.2-2.1 2.5-3.2 3.7-.2.3-.5.5-.7.8C103.4 301.9 64 402.3 64 512s39.4 210.1 104.8 288c.2.3.5.6.7.9l3.1 3.7c.4.5.8.9 1.2 1.4l4.1 4.7c0 .1.1.1.1.2 1.5 1.7 3 3.4 4.6 5l.1.1c3.2 3.4 6.4 6.8 9.6 10.1l.1.1c1.6 1.6 3.1 3.2 4.7 4.7l.3.3c3.3 3.3 6.7 6.5 10.1 9.6 80.1 74 187 119.2 304.5 119.2s224.4-45.2 304.3-119.2a300 300 0 0010-9.6l.3-.3c1.6-1.6 3.2-3.1 4.7-4.7l.1-.1c3.3-3.3 6.5-6.7 9.6-10.1l.1-.1c1.5-1.7 3.1-3.3 4.6-5 0-.1.1-.1.1-.2 1.4-1.5 2.8-3.1 4.1-4.7.4-.5.8-.9 1.2-1.4a99 99 0 003.3-3.7zm4.1-142.6c-13.8 32.6-32 62.8-54.2 90.2a444.07 444.07 0 00-81.5-55.9c11.6-46.9 18.8-98.4 20.7-152.6H887c-3 40.9-12.6 80.6-28.5 118.3zM887 484H743.5c-1.9-54.2-9.1-105.7-20.7-152.6 29.3-15.6 56.6-34.4 81.5-55.9A373.86 373.86 0 01887 484zM658.3 165.5c39.7 16.8 75.8 40 107.6 69.2a394.72 394.72 0 01-59.4 41.8c-15.7-45-35.8-84.1-59.2-115.4 3.7 1.4 7.4 2.9 11 4.4zm-90.6 700.6c-9.2 7.2-18.4 12.7-27.7 16.4V697a389.1 389.1 0 01115.7 26.2c-8.3 24.6-17.9 47.3-29 67.8-17.4 32.4-37.8 58.3-59 75.1zm59-633.1c11 20.6 20.7 43.3 29 67.8A389.1 389.1 0 01540 327V141.6c9.2 3.7 18.5 9.1 27.7 16.4 21.2 16.7 41.6 42.6 59 75zM540 640.9V540h147.5c-1.6 44.2-7.1 87.1-16.3 127.8l-.3 1.2A445.02 445.02 0 00540 640.9zm0-156.9V383.1c45.8-2.8 89.8-12.5 130.9-28.1l.3 1.2c9.2 40.7 14.7 83.5 16.3 127.8H540zm-56 56v100.9c-45.8 2.8-89.8 12.5-130.9 28.1l-.3-1.2c-9.2-40.7-14.7-83.5-16.3-127.8H484zm-147.5-56c1.6-44.2 7.1-87.1 16.3-127.8l.3-1.2c41.1 15.6 85 25.3 130.9 28.1V484H336.5zM484 697v185.4c-9.2-3.7-18.5-9.1-27.7-16.4-21.2-16.7-41.7-42.7-59.1-75.1-11-20.6-20.7-43.3-29-67.8 37.2-14.6 75.9-23.3 115.8-26.1zm0-370a389.1 389.1 0 01-115.7-26.2c8.3-24.6 17.9-47.3 29-67.8 17.4-32.4 37.8-58.4 59.1-75.1 9.2-7.2 18.4-12.7 27.7-16.4V327zM365.7 165.5c3.7-1.5 7.3-3 11-4.4-23.4 31.3-43.5 70.4-59.2 115.4-21-12-40.9-26-59.4-41.8 31.8-29.2 67.9-52.4 107.6-69.2zM165.5 365.7c13.8-32.6 32-62.8 54.2-90.2 24.9 21.5 52.2 40.3 81.5 55.9-11.6 46.9-18.8 98.4-20.7 152.6H137c3-40.9 12.6-80.6 28.5-118.3zM137 540h143.5c1.9 54.2 9.1 105.7 20.7 152.6a444.07 444.07 0 00-81.5 55.9A373.86 373.86 0 01137 540zm228.7 318.5c-39.7-16.8-75.8-40-107.6-69.2 18.5-15.8 38.4-29.7 59.4-41.8 15.7 45 35.8 84.1 59.2 115.4-3.7-1.4-7.4-2.9-11-4.4zm292.6 0c-3.7 1.5-7.3 3-11 4.4 23.4-31.3 43.5-70.4 59.2-115.4 21 12 40.9 26 59.4 41.8a373.81 373.81 0 01-107.6 69.2z"
                              />
                            </svg>
                          </span>
                        </i>
                      </span>
                    </div>
                  </div>
                </div>
              </div>
            </div>
          </header>
          <main
            class="ant-layout-content ant-pro-layout-content ant-pro-layout-has-header ant-pro-layout-content-has-page-container"
          >
            <div
              class="ant-pro-page-container"
            >
              <div
                class="ant-page-header ant-pro-page-container-warp-page-header  ant-page-header-ghost"
              >
                <div
                  class="ant-page-header-heading "
                >
                  <div
                    class="ant-page-header-heading-left "
                  >
                    <span
                      class="ant-page-header-heading-title "
                      title="Welcome"
                    >
                      Welcome
                    </span>
                  </div>
                </div>
              </div>
              <div
                class="ant-pro-grid-content"
              >
                <div
                  class="ant-pro-grid-content-children "
                >
                  <div
                    class="ant-pro-page-container-children-content "
                  >
                    <div
                      class="ant-card ant-card-bordered"
                      style="border-radius: 8px;"
                    >
                      <div
                        class="ant-card-body"
                      >
                        <h1
                          class="ant-typography"
                          style="color: rgba(0, 0, 0, 0.88);"
                        >
                          Welcome to WeShare!
                        </h1>
                        <h3
                          class="ant-typography"
                          style="color: rgba(0, 0, 0, 0.88);"
                        >
                          TEST
                        </h3>
                        <h3
                          class="ant-typography"
                          style="color: rgba(0, 0, 0, 0.88);"
                        >
                          REACT_APP_ENV: dev
                        </h3>
                        <h4
                          class="ant-typography"
                          style="color: rgba(0, 0, 0, 0.88);"
                        >
                          Counter: 0
                        </h4>
                      </div>
                    </div>
                  </div>
                </div>
              </div>
            </div>
            <div
              class="ant-pro-setting-drawer-handle "
              style="width: 48px; height: 48px;"
            >
              <span
                aria-label="setting"
                class="anticon anticon-setting"
                role="img"
                style="color: rgb(255, 255, 255); font-size: 20px;"
              >
                <svg
                  aria-hidden="true"
                  data-icon="setting"
                  fill="currentColor"
                  focusable="false"
                  height="1em"
                  viewBox="64 64 896 896"
                  width="1em"
                >
                  <path
                    d="M924.8 625.7l-65.5-56c3.1-19 4.7-38.4 4.7-57.8s-1.6-38.8-4.7-57.8l65.5-56a32.03 32.03 0 009.3-35.2l-.9-2.6a443.74 443.74 0 00-79.7-137.9l-1.8-2.1a32.12 32.12 0 00-35.1-9.5l-81.3 28.9c-30-24.6-63.5-44-99.7-57.6l-15.7-85a32.05 32.05 0 00-25.8-25.7l-2.7-.5c-52.1-9.4-106.9-9.4-159 0l-2.7.5a32.05 32.05 0 00-25.8 25.7l-15.8 85.4a351.86 351.86 0 00-99 57.4l-81.9-29.1a32 32 0 00-35.1 9.5l-1.8 2.1a446.02 446.02 0 00-79.7 137.9l-.9 2.6c-4.5 12.5-.8 26.5 9.3 35.2l66.3 56.6c-3.1 18.8-4.6 38-4.6 57.1 0 19.2 1.5 38.4 4.6 57.1L99 625.5a32.03 32.03 0 00-9.3 35.2l.9 2.6c18.1 50.4 44.9 96.9 79.7 137.9l1.8 2.1a32.12 32.12 0 0035.1 9.5l81.9-29.1c29.8 24.5 63.1 43.9 99 57.4l15.8 85.4a32.05 32.05 0 0025.8 25.7l2.7.5a449.4 449.4 0 00159 0l2.7-.5a32.05 32.05 0 0025.8-25.7l15.7-85a350 350 0 0099.7-57.6l81.3 28.9a32 32 0 0035.1-9.5l1.8-2.1c34.8-41.1 61.6-87.5 79.7-137.9l.9-2.6c4.5-12.3.8-26.3-9.3-35zM788.3 465.9c2.5 15.1 3.8 30.6 3.8 46.1s-1.3 31-3.8 46.1l-6.6 40.1 74.7 63.9a370.03 370.03 0 01-42.6 73.6L721 702.8l-31.4 25.8c-23.9 19.6-50.5 35-79.3 45.8l-38.1 14.3-17.9 97a377.5 377.5 0 01-85 0l-17.9-97.2-37.8-14.5c-28.5-10.8-55-26.2-78.7-45.7l-31.4-25.9-93.4 33.2c-17-22.9-31.2-47.6-42.6-73.6l75.5-64.5-6.5-40c-2.4-14.9-3.7-30.3-3.7-45.5 0-15.3 1.2-30.6 3.7-45.5l6.5-40-75.5-64.5c11.3-26.1 25.6-50.7 42.6-73.6l93.4 33.2 31.4-25.9c23.7-19.5 50.2-34.9 78.7-45.7l37.9-14.3 17.9-97.2c28.1-3.2 56.8-3.2 85 0l17.9 97 38.1 14.3c28.7 10.8 55.4 26.2 79.3 45.8l31.4 25.8 92.8-32.9c17 22.9 31.2 47.6 42.6 73.6L781.8 426l6.5 39.9zM512 326c-97.2 0-176 78.8-176 176s78.8 176 176 176 176-78.8 176-176-78.8-176-176-176zm79.2 255.2A111.6 111.6 0 01512 614c-29.9 0-58-11.7-79.2-32.8A111.6 111.6 0 01400 502c0-29.9 11.7-58 32.8-79.2C454 401.6 482.1 390 512 390c29.9 0 58 11.6 79.2 32.8A111.6 111.6 0 01624 502c0 29.9-11.7 58-32.8 79.2z"
                  />
                </svg>
              </span>
            </div>
          </main>
          <footer
            class="ant-layout-footer"
            style="padding: 0px; background: none;"
          >
            <div
              class="ant-pro-global-footer"
            >
              <div
                class="ant-pro-global-footer-list "
              >
                <a
                  class="ant-pro-global-footer-list-link "
                  href="/"
                  rel="noreferrer"
                  target="_self"
                  title="name"
                />
                <a
                  class="ant-pro-global-footer-list-link "
                  href="https://github.com/unique01082/weshare"
                  rel="noreferrer"
                  target="_blank"
                  title="github"
                >
                  <span
                    aria-label="github"
                    class="anticon anticon-github"
                    role="img"
                  >
                    <svg
                      aria-hidden="true"
                      data-icon="github"
                      fill="currentColor"
                      focusable="false"
                      height="1em"
                      viewBox="64 64 896 896"
                      width="1em"
                    >
                      <path
                        d="M511.6 76.3C264.3 76.2 64 276.4 64 523.5 64 718.9 189.3 885 363.8 946c23.5 5.9 19.9-10.8 19.9-22.2v-77.5c-135.7 15.9-141.2-73.9-150.3-88.9C215 726 171.5 718 184.5 703c30.9-15.9 62.4 4 98.9 57.9 26.4 39.1 77.9 32.5 104 26 5.7-23.5 17.9-44.5 34.7-60.8-140.6-25.2-199.2-111-199.2-213 0-49.5 16.3-95 48.3-131.7-20.4-60.5 1.9-112.3 4.9-120 58.1-5.2 118.5 41.6 123.2 45.3 33-8.9 70.7-13.6 112.9-13.6 42.4 0 80.2 4.9 113.5 13.9 11.3-8.6 67.3-48.8 121.3-43.9 2.9 7.7 24.7 58.3 5.5 118 32.4 36.8 48.9 82.7 48.9 132.3 0 102.2-59 188.1-200 212.9a127.5 127.5 0 0138.1 91v112.5c.8 9 0 17.9 15 17.9 177.1-59.7 304.6-227 304.6-424.1 0-247.2-200.4-447.3-447.5-447.3z"
                      />
                    </svg>
                  </span>
                </a>
              </div>
              <div
                class="ant-pro-global-footer-copyright "
              >
                <span
                  aria-label="copyright"
                  class="anticon anticon-copyright"
                  role="img"
                >
                  <svg
                    aria-hidden="true"
                    data-icon="copyright"
                    fill="currentColor"
                    focusable="false"
                    height="1em"
                    viewBox="64 64 896 896"
                    width="1em"
                  >
                    <path
                      d="M512 64C264.6 64 64 264.6 64 512s200.6 448 448 448 448-200.6 448-448S759.4 64 512 64zm0 820c-205.4 0-372-166.6-372-372s166.6-372 372-372 372 166.6 372 372-166.6 372-372 372zm5.6-532.7c53 0 89 33.8 93 83.4.3 4.2 3.8 7.4 8 7.4h56.7c2.6 0 4.7-2.1 4.7-4.7 0-86.7-68.4-147.4-162.7-147.4C407.4 290 344 364.2 344 486.8v52.3C344 660.8 407.4 734 517.3 734c94 0 162.7-58.8 162.7-141.4 0-2.6-2.1-4.7-4.7-4.7h-56.8c-4.2 0-7.6 3.2-8 7.3-4.2 46.1-40.1 77.8-93 77.8-65.3 0-102.1-47.9-102.1-133.6v-52.6c.1-87 37-135.5 102.2-135.5z"
                    />
                  </svg>
                </span>
                 2023 by CEP - FPT Software
              </div>
            </div>
          </footer>
        </div>
      </section>
    </div>
  </div>
</DocumentFragment>
`;

exports[`Login Page should show login form 1`] = `
<DocumentFragment>
  <div
    class="container"
  >
    <div
      class="css-15lsw8v"
      data-lang="true"
    >
      <span
        class="ant-dropdown-trigger"
        style="cursor: pointer; padding: 12px; display: inline-flex; align-items: center; justify-content: center; font-size: 18px; vertical-align: middle;"
      >
        <i
          class="anticon"
        >
          <svg
            aria-hidden="true"
            fill="currentColor"
            focusable="false"
            height="1em"
            viewBox="0 0 24 24"
            width="1em"
          >
            <path
              d="M0 0h24v24H0z"
              fill="none"
            />
            <path
              class="css-c4d79v"
              d="M12.87 15.07l-2.54-2.51.03-.03c1.74-1.94 2.98-4.17 3.71-6.53H17V4h-7V2H8v2H1v1.99h11.17C11.5 7.92 10.44 9.75 9 11.35 8.07 10.32 7.3 9.19 6.69 8h-2c.73 1.63 1.73 3.17 2.98 4.56l-5.09 5.02L4 19l5-5 3.11 3.11.76-2.04zM18.5 10h-2L12 22h2l1.12-3h4.75L21 22h2l-4.5-12zm-2.62 7l1.62-4.33L19.12 17h-3.24z "
            />
          </svg>
        </i>
      </span>
    </div>
    <div
      style="flex: 1; padding: 32px 0px;"
    >
      <div
        class="ant-pro-form-login-container "
      >
        <div
          class="ant-pro-form-login-top  "
        >
          <div
            class="ant-pro-form-login-header "
          >
            <span
              class="ant-pro-form-login-logo "
            >
              <img
                alt="logo"
                src="/logo-color.svg"
              />
            </span>
            <span
              class="ant-pro-form-login-title "
            >
              WeShare
            </span>
          </div>
          <div
            class="ant-pro-form-login-desc "
          >
            Lorem ipsum dolor sit amet, consectetur adipiscing elit. Aliquam blandit.
          </div>
        </div>
        <div
          class="ant-pro-form-login-main "
          style="width: 328px; min-width: 280px; max-width: 75vw;"
        >
          <div
            class="ant-pro"
          >
            <form
              autocomplete="off"
              class="ant-form ant-form-vertical ant-pro-form"
            >
              <input
                style="display: none;"
                type="text"
              />
              <div
                class="ant-form-item"
              >
                <div
                  class="ant-row ant-form-item-row"
                >
                  <div
                    class="ant-col ant-form-item-control"
                  >
                    <div
                      class="ant-form-item-control-input"
                    >
                      <div
                        class="ant-form-item-control-input-content"
                      >
                        <span
                          class="ant-input-affix-wrapper ant-input-affix-wrapper-focused ant-input-affix-wrapper-lg"
                        >
                          <span
                            class="ant-input-prefix"
                          >
                            <span
                              aria-label="user"
                              class="anticon anticon-user"
                              role="img"
                            >
                              <svg
                                aria-hidden="true"
                                data-icon="user"
                                fill="currentColor"
                                focusable="false"
                                height="1em"
                                viewBox="64 64 896 896"
                                width="1em"
                              >
                                <path
                                  d="M858.5 763.6a374 374 0 00-80.6-119.5 375.63 375.63 0 00-119.5-80.6c-.4-.2-.8-.3-1.2-.5C719.5 518 760 444.7 760 362c0-137-111-248-248-248S264 225 264 362c0 82.7 40.5 156 102.8 201.1-.4.2-.8.3-1.2.5-44.8 18.9-85 46-119.5 80.6a375.63 375.63 0 00-80.6 119.5A371.7 371.7 0 00136 901.8a8 8 0 008 8.2h60c4.4 0 7.9-3.5 8-7.8 2-77.2 33-149.5 87.8-204.3 56.7-56.7 132-87.9 212.2-87.9s155.5 31.2 212.2 87.9C779 752.7 810 825 812 902.2c.1 4.4 3.6 7.8 8 7.8h60a8 8 0 008-8.2c-1-47.8-10.9-94.3-29.5-138.2zM512 534c-45.9 0-89.1-17.9-121.6-50.4S340 407.9 340 362c0-45.9 17.9-89.1 50.4-121.6S466.1 190 512 190s89.1 17.9 121.6 50.4S684 316.1 684 362c0 45.9-17.9 89.1-50.4 121.6S557.9 534 512 534z"
                                />
                              </svg>
                            </span>
                          </span>
                          <input
                            class="ant-input ant-input-lg"
                            id="username"
                            placeholder="Username"
                            type="text"
                            value=""
                          />
                          <span
                            class="ant-input-suffix"
                          >
                            <span
                              class="ant-input-clear-icon ant-input-clear-icon-hidden"
                              role="button"
                              tabindex="-1"
                            >
                              <span
                                aria-label="close-circle"
                                class="anticon anticon-close-circle"
                                role="img"
                              >
                                <svg
                                  aria-hidden="true"
                                  data-icon="close-circle"
                                  fill="currentColor"
                                  focusable="false"
                                  height="1em"
                                  viewBox="64 64 896 896"
                                  width="1em"
                                >
                                  <path
                                    d="M512 64C264.6 64 64 264.6 64 512s200.6 448 448 448 448-200.6 448-448S759.4 64 512 64zm165.4 618.2l-66-.3L512 563.4l-99.3 118.4-66.1.3c-4.4 0-8-3.5-8-8 0-1.9.7-3.7 1.9-5.2l130.1-155L340.5 359a8.32 8.32 0 01-1.9-5.2c0-4.4 3.6-8 8-8l66.1.3L512 464.6l99.3-118.4 66-.3c4.4 0 8 3.5 8 8 0 1.9-.7 3.7-1.9 5.2L553.5 514l130 155c1.2 1.5 1.9 3.3 1.9 5.2 0 4.4-3.6 8-8 8z"
                                  />
                                </svg>
                              </span>
                            </span>
                          </span>
                        </span>
                      </div>
                    </div>
                  </div>
                </div>
              </div>
              <div
                class="ant-form-item"
              >
                <div
                  class="ant-row ant-form-item-row"
                >
                  <div
                    class="ant-col ant-form-item-control"
                  >
                    <div
                      class="ant-form-item-control-input"
                    >
                      <div
                        class="ant-form-item-control-input-content"
                      >
                        <span
                          class="ant-input-affix-wrapper ant-input-password ant-input-password-large ant-input-affix-wrapper-lg"
                        >
                          <span
                            class="ant-input-prefix"
                          >
                            <span
                              aria-label="lock"
                              class="anticon anticon-lock"
                              role="img"
                            >
                              <svg
                                aria-hidden="true"
                                data-icon="lock"
                                fill="currentColor"
                                focusable="false"
                                height="1em"
                                viewBox="64 64 896 896"
                                width="1em"
                              >
                                <path
                                  d="M832 464h-68V240c0-70.7-57.3-128-128-128H388c-70.7 0-128 57.3-128 128v224h-68c-17.7 0-32 14.3-32 32v384c0 17.7 14.3 32 32 32h640c17.7 0 32-14.3 32-32V496c0-17.7-14.3-32-32-32zM332 240c0-30.9 25.1-56 56-56h248c30.9 0 56 25.1 56 56v224H332V240zm460 600H232V536h560v304zM484 701v53c0 4.4 3.6 8 8 8h40c4.4 0 8-3.6 8-8v-53a48.01 48.01 0 10-56 0z"
                                />
                              </svg>
                            </span>
                          </span>
                          <input
                            class="ant-input ant-input-lg"
                            id="password"
                            placeholder="Password"
                            type="password"
                            value=""
                          />
                          <span
                            class="ant-input-suffix"
                          >
                            <span
                              aria-label="eye-invisible"
                              class="anticon anticon-eye-invisible ant-input-password-icon"
                              role="img"
                              tabindex="-1"
                            >
                              <svg
                                aria-hidden="true"
                                data-icon="eye-invisible"
                                fill="currentColor"
                                focusable="false"
                                height="1em"
                                viewBox="64 64 896 896"
                                width="1em"
                              >
                                <path
                                  d="M942.2 486.2Q889.47 375.11 816.7 305l-50.88 50.88C807.31 395.53 843.45 447.4 874.7 512 791.5 684.2 673.4 766 512 766q-72.67 0-133.87-22.38L323 798.75Q408 838 512 838q288.3 0 430.2-300.3a60.29 60.29 0 000-51.5zm-63.57-320.64L836 122.88a8 8 0 00-11.32 0L715.31 232.2Q624.86 186 512 186q-288.3 0-430.2 300.3a60.3 60.3 0 000 51.5q56.69 119.4 136.5 191.41L112.48 835a8 8 0 000 11.31L155.17 889a8 8 0 0011.31 0l712.15-712.12a8 8 0 000-11.32zM149.3 512C232.6 339.8 350.7 258 512 258c54.54 0 104.13 9.36 149.12 28.39l-70.3 70.3a176 176 0 00-238.13 238.13l-83.42 83.42C223.1 637.49 183.3 582.28 149.3 512zm246.7 0a112.11 112.11 0 01146.2-106.69L401.31 546.2A112 112 0 01396 512z"
                                />
                                <path
                                  d="M508 624c-3.46 0-6.87-.16-10.25-.47l-52.82 52.82a176.09 176.09 0 00227.42-227.42l-52.82 52.82c.31 3.38.47 6.79.47 10.25a111.94 111.94 0 01-112 112z"
                                />
                              </svg>
                            </span>
                          </span>
                        </span>
                      </div>
                    </div>
                  </div>
                </div>
              </div>
              <a
                style="display: block; margin-bottom: 24px;"
              >
                Forgot Password?
              </a>
              <button
                class="ant-btn ant-btn-primary ant-btn-lg"
                style="width: 100%;"
                type="button"
              >
                <span>
                  Login
                </span>
              </button>
            </form>
          </div>
        </div>
      </div>
    </div>
    <footer
      class="ant-layout-footer"
      style="padding: 0px; background: none;"
    >
      <div
        class="ant-pro-global-footer"
      >
        <div
          class="ant-pro-global-footer-list "
        >
          <a
            class="ant-pro-global-footer-list-link "
            href="/"
            rel="noreferrer"
            target="_self"
            title="name"
          />
          <a
            class="ant-pro-global-footer-list-link "
            href="https://github.com/unique01082/weshare"
            rel="noreferrer"
            target="_blank"
            title="github"
          >
            <span
              aria-label="github"
              class="anticon anticon-github"
              role="img"
            >
              <svg
                aria-hidden="true"
                data-icon="github"
                fill="currentColor"
                focusable="false"
                height="1em"
                viewBox="64 64 896 896"
                width="1em"
              >
                <path
                  d="M511.6 76.3C264.3 76.2 64 276.4 64 523.5 64 718.9 189.3 885 363.8 946c23.5 5.9 19.9-10.8 19.9-22.2v-77.5c-135.7 15.9-141.2-73.9-150.3-88.9C215 726 171.5 718 184.5 703c30.9-15.9 62.4 4 98.9 57.9 26.4 39.1 77.9 32.5 104 26 5.7-23.5 17.9-44.5 34.7-60.8-140.6-25.2-199.2-111-199.2-213 0-49.5 16.3-95 48.3-131.7-20.4-60.5 1.9-112.3 4.9-120 58.1-5.2 118.5 41.6 123.2 45.3 33-8.9 70.7-13.6 112.9-13.6 42.4 0 80.2 4.9 113.5 13.9 11.3-8.6 67.3-48.8 121.3-43.9 2.9 7.7 24.7 58.3 5.5 118 32.4 36.8 48.9 82.7 48.9 132.3 0 102.2-59 188.1-200 212.9a127.5 127.5 0 0138.1 91v112.5c.8 9 0 17.9 15 17.9 177.1-59.7 304.6-227 304.6-424.1 0-247.2-200.4-447.3-447.5-447.3z"
                />
              </svg>
            </span>
          </a>
        </div>
        <div
          class="ant-pro-global-footer-copyright "
        >
          <span
            aria-label="copyright"
            class="anticon anticon-copyright"
            role="img"
          >
            <svg
              aria-hidden="true"
              data-icon="copyright"
              fill="currentColor"
              focusable="false"
              height="1em"
              viewBox="64 64 896 896"
              width="1em"
            >
              <path
                d="M512 64C264.6 64 64 264.6 64 512s200.6 448 448 448 448-200.6 448-448S759.4 64 512 64zm0 820c-205.4 0-372-166.6-372-372s166.6-372 372-372 372 166.6 372 372-166.6 372-372 372zm5.6-532.7c53 0 89 33.8 93 83.4.3 4.2 3.8 7.4 8 7.4h56.7c2.6 0 4.7-2.1 4.7-4.7 0-86.7-68.4-147.4-162.7-147.4C407.4 290 344 364.2 344 486.8v52.3C344 660.8 407.4 734 517.3 734c94 0 162.7-58.8 162.7-141.4 0-2.6-2.1-4.7-4.7-4.7h-56.8c-4.2 0-7.6 3.2-8 7.3-4.2 46.1-40.1 77.8-93 77.8-65.3 0-102.1-47.9-102.1-133.6v-52.6c.1-87 37-135.5 102.2-135.5z"
              />
            </svg>
          </span>
           2023 by CEP - FPT Software
        </div>
      </div>
    </footer>
  </div>
</DocumentFragment>
`;
